// Jest Snapshot v1, https://goo.gl/fbAQLP

exports[`Root page should render screen 1`] = `
Object {
  "asFragment": [Function],
  "baseElement": <body>
    <div>
      <div />
      <div
        class="container"
      >
        <div>
          <div
            class="container"
          >
            <div
              class="vh-100 d-flex justify-content-center align-items-center row"
            >
              <div
                class="col-lg-6 col-md-8 col-12"
              >
                <div
                  class="border border-3 border-primary"
                />
                <div
                  class="shadow card"
                >
                  <div
                    class="card-body"
                  >
                    <div
                      class="mb-3 mt-md-4 text-center"
                    >
                      <h2
                        class="fw-bold mb-2 text-uppercase"
                      >
                        EMPLOYEE POLLS
                      </h2>
                      <p
                        class=" mb-3"
                      >
                        Please enter your ID and password
                      </p>
                      <strong>
                        ***Quick login***
                      </strong>
                      <div
                        class="align-items-center"
                        style="margin: 0px auto;"
                      >
                        <select
                          class="mb-3 mt-2 text-center form-select"
                          data-testid="quickLogin"
                        >
                          <option
                            value=""
                          >
                            Select user
                          </option>
                          <option
                            value="sarahedo"
                          >
                            sarahedo
                          </option>
                          <option
                            value="tylermcginnis"
                          >
                            tylermcginnis
                          </option>
                          <option
                            value="zoshikanlu"
                          >
                            zoshikanlu
                          </option>
                          <option
                            value="mtsamis"
                          >
                            mtsamis
                          </option>
                        </select>
                      </div>
                      <div
                        class="mb-3"
                      >
                        <form
                          class=""
                        >
                          <div
                            class="mb-3"
                          >
                            <label
                              class="text-center form-label"
                              for="formBasicText"
                            >
                              Your ID
                            </label>
                            <input
                              class="form-control"
                              data-testid="username"
                              id="formBasicText"
                              placeholder="ID"
                              type="text"
                              value=""
                            />
                          </div>
                          <div
                            class="mb-3"
                          >
                            <label
                              class="form-label"
                              for="formBasicPassword"
                            >
                              Password
                            </label>
                            <input
                              class="form-control"
                              data-testid="password"
                              id="formBasicPassword"
                              placeholder="Password"
                              type="password"
                              value=""
                            />
                          </div>
                          <div
                            class="d-grid"
                          >
                            <button
                              class="btn btn-primary"
                              data-testid="submit"
                              type="submit"
                            >
                              Login
                            </button>
                          </div>
                        </form>
                      </div>
                    </div>
                  </div>
                </div>
              </div>
            </div>
          </div>
        </div>
      </div>
    </div>
  </body>,
  "container": <div>
    <div />
    <div
      class="container"
    >
      <div>
        <div
          class="container"
        >
          <div
            class="vh-100 d-flex justify-content-center align-items-center row"
          >
            <div
              class="col-lg-6 col-md-8 col-12"
            >
              <div
                class="border border-3 border-primary"
              />
              <div
                class="shadow card"
              >
                <div
                  class="card-body"
                >
                  <div
                    class="mb-3 mt-md-4 text-center"
                  >
                    <h2
                      class="fw-bold mb-2 text-uppercase"
                    >
                      EMPLOYEE POLLS
                    </h2>
                    <p
                      class=" mb-3"
                    >
                      Please enter your ID and password
                    </p>
                    <strong>
                      ***Quick login***
                    </strong>
                    <div
                      class="align-items-center"
                      style="margin: 0px auto;"
                    >
                      <select
                        class="mb-3 mt-2 text-center form-select"
                        data-testid="quickLogin"
                      >
                        <option
                          value=""
                        >
                          Select user
                        </option>
                        <option
                          value="sarahedo"
                        >
                          sarahedo
                        </option>
                        <option
                          value="tylermcginnis"
                        >
                          tylermcginnis
                        </option>
                        <option
                          value="zoshikanlu"
                        >
                          zoshikanlu
                        </option>
                        <option
                          value="mtsamis"
                        >
                          mtsamis
                        </option>
                      </select>
                    </div>
                    <div
                      class="mb-3"
                    >
                      <form
                        class=""
                      >
                        <div
                          class="mb-3"
                        >
                          <label
                            class="text-center form-label"
                            for="formBasicText"
                          >
                            Your ID
                          </label>
                          <input
                            class="form-control"
                            data-testid="username"
                            id="formBasicText"
                            placeholder="ID"
                            type="text"
                            value=""
                          />
                        </div>
                        <div
                          class="mb-3"
                        >
                          <label
                            class="form-label"
                            for="formBasicPassword"
                          >
                            Password
                          </label>
                          <input
                            class="form-control"
                            data-testid="password"
                            id="formBasicPassword"
                            placeholder="Password"
                            type="password"
                            value=""
                          />
                        </div>
                        <div
                          class="d-grid"
                        >
                          <button
                            class="btn btn-primary"
                            data-testid="submit"
                            type="submit"
                          >
                            Login
                          </button>
                        </div>
                      </form>
                    </div>
                  </div>
                </div>
              </div>
            </div>
          </div>
        </div>
      </div>
    </div>
  </div>,
  "debug": [Function],
  "findAllByAltText": [Function],
  "findAllByDisplayValue": [Function],
  "findAllByLabelText": [Function],
  "findAllByPlaceholderText": [Function],
  "findAllByRole": [Function],
  "findAllByTestId": [Function],
  "findAllByText": [Function],
  "findAllByTitle": [Function],
  "findByAltText": [Function],
  "findByDisplayValue": [Function],
  "findByLabelText": [Function],
  "findByPlaceholderText": [Function],
  "findByRole": [Function],
  "findByTestId": [Function],
  "findByText": [Function],
  "findByTitle": [Function],
  "getAllByAltText": [Function],
  "getAllByDisplayValue": [Function],
  "getAllByLabelText": [Function],
  "getAllByPlaceholderText": [Function],
  "getAllByRole": [Function],
  "getAllByTestId": [Function],
  "getAllByText": [Function],
  "getAllByTitle": [Function],
  "getByAltText": [Function],
  "getByDisplayValue": [Function],
  "getByLabelText": [Function],
  "getByPlaceholderText": [Function],
  "getByRole": [Function],
  "getByTestId": [Function],
  "getByText": [Function],
  "getByTitle": [Function],
  "queryAllByAltText": [Function],
  "queryAllByDisplayValue": [Function],
  "queryAllByLabelText": [Function],
  "queryAllByPlaceholderText": [Function],
  "queryAllByRole": [Function],
  "queryAllByTestId": [Function],
  "queryAllByText": [Function],
  "queryAllByTitle": [Function],
  "queryByAltText": [Function],
  "queryByDisplayValue": [Function],
  "queryByLabelText": [Function],
  "queryByPlaceholderText": [Function],
  "queryByRole": [Function],
  "queryByTestId": [Function],
  "queryByText": [Function],
  "queryByTitle": [Function],
  "rerender": [Function],
  "unmount": [Function],
}
`;
