// Jest Snapshot v1, https://goo.gl/fbAQLP

exports[`Create new question should render screen 1`] = `
Object {
  "asFragment": [Function],
  "baseElement": <body>
    <div>
      <div>
        <div
          class="text-center m-2"
        >
          <h3
            data-testid="title1"
          >
            Would You Rather
          </h3>
          <span
            data-testid="title2"
          >
            Create your own poll
          </span>
        </div>
        <form
          class=""
        >
          <div
            class="d-inline"
          >
            <div
              class="mb-3"
            >
              <label
                class="text-center form-label"
                data-testid="optionOneText"
                for="formBasicText"
              >
                Option one
              </label>
              <input
                class="form-control"
                data-testid="optionOne"
                id="formBasicText"
                placeholder="Option one"
                type="text"
                value=""
              />
            </div>
            <div
              class="mb-3"
            >
              <label
                class="text-center form-label"
                data-testid="optionTwoText"
                for="formBasicText"
              >
                Option two
              </label>
              <input
                class="form-control"
                data-testid="optionTwo"
                id="formBasicText"
                placeholder="Option two"
                type="text"
                value=""
              />
            </div>
            <div
              class="text-center"
            >
              <button
                class="btn btn-primary"
                data-testid="submit"
                disabled=""
                type="submit"
              >
                Create
              </button>
            </div>
          </div>
        </form>
      </div>
    </div>
  </body>,
  "container": <div>
    <div>
      <div
        class="text-center m-2"
      >
        <h3
          data-testid="title1"
        >
          Would You Rather
        </h3>
        <span
          data-testid="title2"
        >
          Create your own poll
        </span>
      </div>
      <form
        class=""
      >
        <div
          class="d-inline"
        >
          <div
            class="mb-3"
          >
            <label
              class="text-center form-label"
              data-testid="optionOneText"
              for="formBasicText"
            >
              Option one
            </label>
            <input
              class="form-control"
              data-testid="optionOne"
              id="formBasicText"
              placeholder="Option one"
              type="text"
              value=""
            />
          </div>
          <div
            class="mb-3"
          >
            <label
              class="text-center form-label"
              data-testid="optionTwoText"
              for="formBasicText"
            >
              Option two
            </label>
            <input
              class="form-control"
              data-testid="optionTwo"
              id="formBasicText"
              placeholder="Option two"
              type="text"
              value=""
            />
          </div>
          <div
            class="text-center"
          >
            <button
              class="btn btn-primary"
              data-testid="submit"
              disabled=""
              type="submit"
            >
              Create
            </button>
          </div>
        </div>
      </form>
    </div>
  </div>,
  "debug": [Function],
  "findAllByAltText": [Function],
  "findAllByDisplayValue": [Function],
  "findAllByLabelText": [Function],
  "findAllByPlaceholderText": [Function],
  "findAllByRole": [Function],
  "findAllByTestId": [Function],
  "findAllByText": [Function],
  "findAllByTitle": [Function],
  "findByAltText": [Function],
  "findByDisplayValue": [Function],
  "findByLabelText": [Function],
  "findByPlaceholderText": [Function],
  "findByRole": [Function],
  "findByTestId": [Function],
  "findByText": [Function],
  "findByTitle": [Function],
  "getAllByAltText": [Function],
  "getAllByDisplayValue": [Function],
  "getAllByLabelText": [Function],
  "getAllByPlaceholderText": [Function],
  "getAllByRole": [Function],
  "getAllByTestId": [Function],
  "getAllByText": [Function],
  "getAllByTitle": [Function],
  "getByAltText": [Function],
  "getByDisplayValue": [Function],
  "getByLabelText": [Function],
  "getByPlaceholderText": [Function],
  "getByRole": [Function],
  "getByTestId": [Function],
  "getByText": [Function],
  "getByTitle": [Function],
  "queryAllByAltText": [Function],
  "queryAllByDisplayValue": [Function],
  "queryAllByLabelText": [Function],
  "queryAllByPlaceholderText": [Function],
  "queryAllByRole": [Function],
  "queryAllByTestId": [Function],
  "queryAllByText": [Function],
  "queryAllByTitle": [Function],
  "queryByAltText": [Function],
  "queryByDisplayValue": [Function],
  "queryByLabelText": [Function],
  "queryByPlaceholderText": [Function],
  "queryByRole": [Function],
  "queryByTestId": [Function],
  "queryByText": [Function],
  "queryByTitle": [Function],
  "rerender": [Function],
  "unmount": [Function],
}
`;
