// Jest Snapshot v1, https://goo.gl/fbAQLP

exports[`Dashboard should render screen 1`] = `
Object {
  "asFragment": [Function],
  "baseElement": <body>
    <div>
      <div>
        <h1
          class="text-center m-2"
          data-testid="dashboard"
        >
          DASHBOARD
        </h1>
        <h2
          class="bg-success-subtle"
        >
          <span>
            New Questions
          </span>
        </h2>
        <div
          class="text-center"
          data-testid="unanswered"
        >
          <strong
            class="text-success"
          >
            All questions are answered.
          </strong>
        </div>
        <hr />
        <h2
          class="bg-secondary-subtle"
        >
          <span>
            Answered Questions
          </span>
        </h2>
        <div
          class="text-center"
          data-testid="answered"
        >
          <strong
            class="text-success"
          >
            No questions are answered.
          </strong>
        </div>
      </div>
    </div>
  </body>,
  "container": <div>
    <div>
      <h1
        class="text-center m-2"
        data-testid="dashboard"
      >
        DASHBOARD
      </h1>
      <h2
        class="bg-success-subtle"
      >
        <span>
          New Questions
        </span>
      </h2>
      <div
        class="text-center"
        data-testid="unanswered"
      >
        <strong
          class="text-success"
        >
          All questions are answered.
        </strong>
      </div>
      <hr />
      <h2
        class="bg-secondary-subtle"
      >
        <span>
          Answered Questions
        </span>
      </h2>
      <div
        class="text-center"
        data-testid="answered"
      >
        <strong
          class="text-success"
        >
          No questions are answered.
        </strong>
      </div>
    </div>
  </div>,
  "debug": [Function],
  "findAllByAltText": [Function],
  "findAllByDisplayValue": [Function],
  "findAllByLabelText": [Function],
  "findAllByPlaceholderText": [Function],
  "findAllByRole": [Function],
  "findAllByTestId": [Function],
  "findAllByText": [Function],
  "findAllByTitle": [Function],
  "findByAltText": [Function],
  "findByDisplayValue": [Function],
  "findByLabelText": [Function],
  "findByPlaceholderText": [Function],
  "findByRole": [Function],
  "findByTestId": [Function],
  "findByText": [Function],
  "findByTitle": [Function],
  "getAllByAltText": [Function],
  "getAllByDisplayValue": [Function],
  "getAllByLabelText": [Function],
  "getAllByPlaceholderText": [Function],
  "getAllByRole": [Function],
  "getAllByTestId": [Function],
  "getAllByText": [Function],
  "getAllByTitle": [Function],
  "getByAltText": [Function],
  "getByDisplayValue": [Function],
  "getByLabelText": [Function],
  "getByPlaceholderText": [Function],
  "getByRole": [Function],
  "getByTestId": [Function],
  "getByText": [Function],
  "getByTitle": [Function],
  "queryAllByAltText": [Function],
  "queryAllByDisplayValue": [Function],
  "queryAllByLabelText": [Function],
  "queryAllByPlaceholderText": [Function],
  "queryAllByRole": [Function],
  "queryAllByTestId": [Function],
  "queryAllByText": [Function],
  "queryAllByTitle": [Function],
  "queryByAltText": [Function],
  "queryByDisplayValue": [Function],
  "queryByLabelText": [Function],
  "queryByPlaceholderText": [Function],
  "queryByRole": [Function],
  "queryByTestId": [Function],
  "queryByText": [Function],
  "queryByTitle": [Function],
  "rerender": [Function],
  "unmount": [Function],
}
`;
