// Jest Snapshot v1, https://goo.gl/fbAQLP

exports[`Not found page should render screen 1`] = `
Object {
  "asFragment": [Function],
  "baseElement": <body>
    <div>
      <div
        class="d-flex align-items-center justify-content-center vh-100"
      >
        <div
          class="text-center"
        >
          <h1
            class="display-1 fw-bold"
            data-testid="notif1"
          >
            404
          </h1>
          <p
            class="fs-3"
            data-testid="notif2"
          >
             
            <span
              class="text-danger"
            >
              Opps!
            </span>
             Page not found.
          </p>
          <p
            class="lead"
            data-testid="notif3"
          >
            The page you’re looking for doesn’t exist.
          </p>
        </div>
      </div>
    </div>
  </body>,
  "container": <div>
    <div
      class="d-flex align-items-center justify-content-center vh-100"
    >
      <div
        class="text-center"
      >
        <h1
          class="display-1 fw-bold"
          data-testid="notif1"
        >
          404
        </h1>
        <p
          class="fs-3"
          data-testid="notif2"
        >
           
          <span
            class="text-danger"
          >
            Opps!
          </span>
           Page not found.
        </p>
        <p
          class="lead"
          data-testid="notif3"
        >
          The page you’re looking for doesn’t exist.
        </p>
      </div>
    </div>
  </div>,
  "debug": [Function],
  "findAllByAltText": [Function],
  "findAllByDisplayValue": [Function],
  "findAllByLabelText": [Function],
  "findAllByPlaceholderText": [Function],
  "findAllByRole": [Function],
  "findAllByTestId": [Function],
  "findAllByText": [Function],
  "findAllByTitle": [Function],
  "findByAltText": [Function],
  "findByDisplayValue": [Function],
  "findByLabelText": [Function],
  "findByPlaceholderText": [Function],
  "findByRole": [Function],
  "findByTestId": [Function],
  "findByText": [Function],
  "findByTitle": [Function],
  "getAllByAltText": [Function],
  "getAllByDisplayValue": [Function],
  "getAllByLabelText": [Function],
  "getAllByPlaceholderText": [Function],
  "getAllByRole": [Function],
  "getAllByTestId": [Function],
  "getAllByText": [Function],
  "getAllByTitle": [Function],
  "getByAltText": [Function],
  "getByDisplayValue": [Function],
  "getByLabelText": [Function],
  "getByPlaceholderText": [Function],
  "getByRole": [Function],
  "getByTestId": [Function],
  "getByText": [Function],
  "getByTitle": [Function],
  "queryAllByAltText": [Function],
  "queryAllByDisplayValue": [Function],
  "queryAllByLabelText": [Function],
  "queryAllByPlaceholderText": [Function],
  "queryAllByRole": [Function],
  "queryAllByTestId": [Function],
  "queryAllByText": [Function],
  "queryAllByTitle": [Function],
  "queryByAltText": [Function],
  "queryByDisplayValue": [Function],
  "queryByLabelText": [Function],
  "queryByPlaceholderText": [Function],
  "queryByRole": [Function],
  "queryByTestId": [Function],
  "queryByText": [Function],
  "queryByTitle": [Function],
  "rerender": [Function],
  "unmount": [Function],
}
`;
